// Jest Snapshot v1, https://goo.gl/fbAQLP

exports[`renders correctly 1`] = `
<header>
  <h1>
    Care and Feeding of Horned Creatures!
  </h1>
</header>
`;
